ATA039 ┬À T1039 Data from Network Shared Drive (rsync recolecta el recurso) ÔÇö custom
T0=2026-09-29T11:46:41Z
--- RECURSO COMPARTIDO (listado remoto) ---
drwxrwxr-x          4,096 2026/09/29 13:40:48 .
drwxrwxr-x          4,096 2026/09/29 13:40:48 finanzas
drwxrwxr-x          4,096 2026/09/29 13:40:48 rrhh

Number of files: 5 (reg: 2, dir: 3)
Number of created files: 4 (reg: 2, dir: 2)
Number of deleted files: 0
Number of regular files transferred: 2
Total file size: 151 bytes
Total transferred file size: 151 bytes
Literal data: 151 bytes
Matched data: 0 bytes
File list size: 154
File list generation time: 0.001 seconds
File list transfer time: 0.000 seconds
Total bytes sent: 77
Total bytes received: 421

sent 77 bytes  received 421 bytes  996.00 bytes/sec
total size is 151  speedup is 0.30
--- material recolectado (sha256 local) ---
2ad637b8797a4c6e22a5da27f698f31c9da4088367df78a795414d1a6721d9e6  /home/angel/lab-attack/ATA039/share_copy/finanzas/ventas_2026.csv
b5c25b1a11f3e25998ed228122476a0352b894f14221cc9a94257705601a810d  /home/angel/lab-attack/ATA039/share_copy/rrhh/nominas_2026.csv
--- estado final ---
ficheros_recolectados=2
RECOLECCION=OK (2 ficheros copiados del recurso compartido)
T1_LOCAL=2026-09-29T11:46:43Z
RC=0
