ATA044 · T1025 Data from Removable Media (imagen loop ro) — custom (manual)
T0=2026-10-02T00:17:11Z
--- medio (imagen) ---
-rw-rw-r-- 1 angel angel 4194304 Oct  2 02:16 /home/angel/lab-attack/ATA044/removable.img
4d8c70632f59019760670c960398303cb3ddfc615a31cd7132326039d4255041  /home/angel/lab-attack/ATA044/removable.img
loop_asignado=/dev/loop0 (read-only)
montaje_ro=OK
--- documentos en el medio ---
  /home/angel/lab-attack/ATA044/mnt_ro/clientes_2026.csv
  /home/angel/lab-attack/ATA044/mnt_ro/nominas.csv
  /home/angel/lab-attack/ATA044/mnt_ro/notas.txt
--- recopilado en /home/angel/lab-attack/ATA044/collected ---
total 12
-rwxr-xr-x 1 angel angel 74 Oct  2 02:16 clientes_2026.csv
-rwxr-xr-x 1 angel angel 68 Oct  2 02:16 nominas.csv
-rwxr-xr-x 1 angel angel 57 Oct  2 02:16 notas.txt
--- comparacion sha256 origen vs copia ---
  clientes_2026.csv OK (bc8bf1dc600bdd8ced2786fd61bb69788fde6f639a538681fbd9f1a4c0a32a51)
  nominas.csv OK (3a2ec5e23f32f1203db558707d582e0dc377f8737b6bb0318a1d6104b5692073)
  notas.txt OK (04c33e33949e30230bd5b4064185db3d4a99f37f2f0dfa7f5b5b50c6a419f4d4)
montaje_ro=desmontado
--- estado final ---
documentos_recopilados=3
loop_residual=0
REMOVABLE_MEDIA=OK (documentos recopilados con sha256 identico; medio desmontado)
T1_LOCAL=2026-10-02T00:17:13Z
