ATA027 · T1561.002 Disk Structure Wipe (SOLO imagen loop) — custom (manual)
T0=2026-09-29T03:58:37Z
imagen_creada=/home/angel/lab-attack/ATA027/disk.img (33554432 bytes)
--- estructura ANTES del wipe ---
/home/angel/lab-attack/ATA027/disk.img: Linux rev 1.0 ext4 filesystem data, UUID=fda48236-9963-40ed-a6e8-ddd50e47baae (extents) (64bit) (large files) (huge files)
loop_asignado=/dev/loop0
montaje_antes=OK
  total 24
  drwxr-xr-x 3 root  root   4096 Sep 29 05:58 .
  drwxrwxr-x 3 angel angel  4096 Sep 29 05:58 ..
  drwx------ 2 root  root  16384 Sep 29 05:58 lost+found
/home/angel/lab-attack/ATA027/disk.img: 2 bytes were erased at offset 0x00000438 (ext4): 53 ef
--- estructura DESPUES del wipe ---
/home/angel/lab-attack/ATA027/disk.img: data
blkid_tras_wipe=no_reconoce
montaje_despues=falla(estructura destruida)
--- estado final ---
sha256_antes =e7ee5dfc0ab86c4142d9db0f24feb7398d848e1e8e831d5ca2281068fe6aa229
sha256_despues=a1b709c8a24bef2467c49bad140e0164352e913052e251775f3eda3c7782f56c
loop_residual=0
DISK_STRUCTURE_WIPE=OK (estructura de la imagen destruida; dejo de ser montable)
T1_LOCAL=2026-09-29T03:58:39Z
